// Jest Snapshot v1, https://goo.gl/fbAQLP

exports[`BonkButton renders component 1`] = `
<div>
  <button
    class="bonkBtn"
  />
</div>
`;
